C:\Users\Dmitry\Desktop\fenolog\src\ml\m_e02_clean.py:330: RuntimeWarning: All-NaN slice encountered
  m = np.nanmedian(a, axis=1)
C:\Users\Dmitry\Desktop\fenolog\src\ml\m_e02_clean.py:341: RuntimeWarning: All-NaN slice encountered
  m = np.nanmedian(clipped[:, order], axis=1)
C:\Users\Dmitry\Desktop\fenolog\src\ml\features.py:160: RuntimeWarning: Mean of empty slice
  self._temp[name] = np.nanmean(T[:, mates], axis=1)
C:\Users\Dmitry\Desktop\fenolog\src\ml\features.py:161: RuntimeWarning: Mean of empty slice
  self._prec[name] = np.nanmean(P[:, mates], axis=1)
Метод обучаемый: обучен на 2999 точках локального контроля
Модель сохранена: models\e05_lgbm.pkl
C:\Users\Dmitry\Desktop\fenolog\src\ml\m_e02_clean.py:330: RuntimeWarning: All-NaN slice encountered
  m = np.nanmedian(a, axis=1)
C:\Users\Dmitry\Desktop\fenolog\src\ml\m_e02_clean.py:341: RuntimeWarning: All-NaN slice encountered
  m = np.nanmedian(clipped[:, order], axis=1)
C:\Users\Dmitry\Desktop\fenolog\src\ml\features.py:160: RuntimeWarning: Mean of empty slice
  self._temp[name] = np.nanmean(T[:, mates], axis=1)
C:\Users\Dmitry\Desktop\fenolog\src\ml\features.py:161: RuntimeWarning: Mean of empty slice
  self._prec[name] = np.nanmean(P[:, mates], axis=1)
Метод: e05_lgbm — LightGBM поверх всех методов, + train
Записано 3112 строк в submission.csv
Диапазон предсказаний: 0.0792 .. 0.8978
anon_polygon_id       date  primary_ndvi_pred
       AOI-0001 2010-08-29           0.192353
       AOI-0001 2010-10-25           0.147026
       AOI-0001 2011-06-13           0.615780
