INFO:     Started server process [37308]
INFO:     Waiting for application startup.
2026-09-05 08:53:53,647 INFO fenolog.api: норма по культурам на месте: C:\Users\Dmitry\Desktop\fenolog\models\crop_climatology.json
2026-09-05 08:53:53,647 INFO fenolog.api: интерфейс: C:\Users\Dmitry\Desktop\fenolog\web\dist
INFO:     Application startup complete.
INFO:     Uvicorn running on http://127.0.0.1:8000 (Press CTRL+C to quit)
2026-09-05 09:02:09,920 INFO src.providers.satellite: satellite: 240 наблюдений из кэша
2026-09-05 09:02:09,949 INFO src.providers.satellite: satellite: источник Microsoft Planetary Computer (1 из 3)
2026-09-05 09:02:09,950 INFO src.providers.satellite: satellite: 457 наблюдений из кэша
2026-09-05 09:02:09,951 INFO src.providers.satellite: satellite: 534 наблюдений из кэша
2026-09-05 09:02:09,951 INFO src.providers.satellite: satellite: источник Microsoft Planetary Computer (1 из 3)
2026-09-05 09:02:09,952 INFO src.providers.satellite: satellite: источник Microsoft Planetary Computer (1 из 3)
2026-09-05 09:02:09,952 INFO src.providers.satellite: satellite: 479 наблюдений из кэша
2026-09-05 09:02:13,385 INFO src.providers.satellite: satellite: pc/sentinel-2-l2a — найдено 519, взято 378
2026-09-05 09:02:13,600 INFO src.providers.satellite: satellite: pc/sentinel-2-l2a — найдено 521, взято 379
2026-09-05 09:02:13,628 INFO src.providers.satellite: satellite: pc/sentinel-2-l2a — найдено 520, взято 379
2026-09-05 09:02:15,650 INFO src.providers.satellite: satellite: pc/landsat-c2-l2 — найдено 259, взято 203
2026-09-05 09:02:15,949 INFO src.providers.satellite: satellite: pc/landsat-c2-l2 — найдено 256, взято 200
2026-09-05 09:02:16,126 INFO src.providers.satellite: satellite: pc/landsat-c2-l2 — найдено 482, взято 396
2026-09-05 09:02:16,289 INFO src.providers.satellite: satellite: pc/modis-13Q1-061 — найдено 218, взято 218
2026-09-05 09:02:16,291 INFO src.providers.satellite: satellite: к обработке 800 сцен
2026-09-05 09:02:16,618 INFO src.providers.satellite: satellite: pc/modis-13Q1-061 — найдено 218, взято 218
2026-09-05 09:02:16,620 INFO src.providers.satellite: satellite: к обработке 992 сцен
2026-09-05 09:02:16,764 INFO src.providers.satellite: satellite: pc/modis-13Q1-061 — найдено 218, взято 218
2026-09-05 09:02:16,767 INFO src.providers.satellite: satellite: к обработке 797 сцен
2026-09-05 09:02:58,143 INFO rasterio._env: GDAL signalled an error: err_no=4, msg="`/vsicurl/https://landsateuwest.blob.core.windows.net/landsat-c2/level-2/standard/oli-tirs/2022/175/027/LC09_L2SP_175027_20220509_20220511_02_T1/LC09_L2SP_175027_20220509_20220511_02_T1_SR_B3.TIF?st=2026-09-04T06%3A02%3A19Z&se=2026-09-05T06%3A47%3A19Z&sp=rl&sv=2025-07-05&sr=c&skoid=9c8ff44a-6a2c-4dfb-b298-1c9212f64d9a&sktid=72f988bf-86f1-41af-91ab-2d7cd011db47&skt=2026-09-05T05%3A56%3A20Z&ske=2026-09-12T05%3A56%3A20Z&sks=b&skv=2025-07-05&sig=WdST9CuRkicB73vyMfPdlAHnRCWdNO21A6BKRG4KMlM%3D' not recognized as being in a supported file format."
2026-09-05 09:03:00,084 INFO rasterio._env: GDAL signalled an error: err_no=4, msg="`/vsicurl/https://landsateuwest.blob.core.windows.net/landsat-c2/level-2/standard/etm/2022/173/027/LE07_L2SP_173027_20220527_20220901_02_T1/LE07_L2SP_173027_20220527_20220901_02_T1_SR_B1.TIF?st=2026-09-04T06%3A02%3A19Z&se=2026-09-05T06%3A47%3A19Z&sp=rl&sv=2025-07-05&sr=c&skoid=9c8ff44a-6a2c-4dfb-b298-1c9212f64d9a&sktid=72f988bf-86f1-41af-91ab-2d7cd011db47&skt=2026-09-05T05%3A56%3A20Z&ske=2026-09-12T05%3A56%3A20Z&sks=b&skv=2025-07-05&sig=WdST9CuRkicB73vyMfPdlAHnRCWdNO21A6BKRG4KMlM%3D' not recognized as being in a supported file format."
2026-09-05 09:03:00,084 INFO rasterio._env: GDAL signalled an error: err_no=4, msg="`/vsicurl/https://landsateuwest.blob.core.windows.net/landsat-c2/level-2/standard/etm/2022/173/027/LE07_L2SP_173027_20220527_20220901_02_T1/LE07_L2SP_173027_20220527_20220901_02_T1_SR_B1.TIF?st=2026-09-04T06%3A02%3A19Z&se=2026-09-05T06%3A47%3A19Z&sp=rl&sv=2025-07-05&sr=c&skoid=9c8ff44a-6a2c-4dfb-b298-1c9212f64d9a&sktid=72f988bf-86f1-41af-91ab-2d7cd011db47&skt=2026-09-05T05%3A56%3A20Z&ske=2026-09-12T05%3A56%3A20Z&sks=b&skv=2025-07-05&sig=WdST9CuRkicB73vyMfPdlAHnRCWdNO21A6BKRG4KMlM%3D' not recognized as being in a supported file format."
2026-09-05 09:03:00,084 INFO rasterio._env: GDAL signalled an error: err_no=4, msg="`/vsicurl/https://landsateuwest.blob.core.windows.net/landsat-c2/level-2/standard/etm/2022/173/027/LE07_L2SP_173027_20220527_20220901_02_T1/LE07_L2SP_173027_20220527_20220901_02_T1_SR_B1.TIF?st=2026-09-04T06%3A02%3A19Z&se=2026-09-05T06%3A47%3A19Z&sp=rl&sv=2025-07-05&sr=c&skoid=9c8ff44a-6a2c-4dfb-b298-1c9212f64d9a&sktid=72f988bf-86f1-41af-91ab-2d7cd011db47&skt=2026-09-05T05%3A56%3A20Z&ske=2026-09-12T05%3A56%3A20Z&sks=b&skv=2025-07-05&sig=WdST9CuRkicB73vyMfPdlAHnRCWdNO21A6BKRG4KMlM%3D' not recognized as being in a supported file format."
2026-09-05 09:03:32,238 INFO rasterio._env: GDAL signalled an error: err_no=4, msg="`/vsicurl/https://landsateuwest.blob.core.windows.net/landsat-c2/level-2/standard/etm/2022/174/027/LE07_L2SP_174027_20221027_20221123_02_T2/LE07_L2SP_174027_20221027_20221123_02_T2_QA_PIXEL.TIF?st=2026-09-04T06%3A02%3A19Z&se=2026-09-05T06%3A47%3A19Z&sp=rl&sv=2025-07-05&sr=c&skoid=9c8ff44a-6a2c-4dfb-b298-1c9212f64d9a&sktid=72f988bf-86f1-41af-91ab-2d7cd011db47&skt=2026-09-05T05%3A56%3A20Z&ske=2026-09-12T05%3A56%3A20Z&sks=b&skv=2025-07-05&sig=WdST9CuRkicB73vyMfPdlAHnRCWdNO21A6BKRG4KMlM%3D' not recognized as being in a supported file format."
2026-09-05 09:03:32,238 INFO rasterio._env: GDAL signalled an error: err_no=4, msg="`/vsicurl/https://landsateuwest.blob.core.windows.net/landsat-c2/level-2/standard/etm/2022/174/027/LE07_L2SP_174027_20221027_20221123_02_T2/LE07_L2SP_174027_20221027_20221123_02_T2_QA_PIXEL.TIF?st=2026-09-04T06%3A02%3A19Z&se=2026-09-05T06%3A47%3A19Z&sp=rl&sv=2025-07-05&sr=c&skoid=9c8ff44a-6a2c-4dfb-b298-1c9212f64d9a&sktid=72f988bf-86f1-41af-91ab-2d7cd011db47&skt=2026-09-05T05%3A56%3A20Z&ske=2026-09-12T05%3A56%3A20Z&sks=b&skv=2025-07-05&sig=WdST9CuRkicB73vyMfPdlAHnRCWdNO21A6BKRG4KMlM%3D' not recognized as being in a supported file format."
2026-09-05 09:03:32,238 INFO rasterio._env: GDAL signalled an error: err_no=4, msg="`/vsicurl/https://landsateuwest.blob.core.windows.net/landsat-c2/level-2/standard/etm/2022/174/027/LE07_L2SP_174027_20221027_20221123_02_T2/LE07_L2SP_174027_20221027_20221123_02_T2_QA_PIXEL.TIF?st=2026-09-04T06%3A02%3A19Z&se=2026-09-05T06%3A47%3A19Z&sp=rl&sv=2025-07-05&sr=c&skoid=9c8ff44a-6a2c-4dfb-b298-1c9212f64d9a&sktid=72f988bf-86f1-41af-91ab-2d7cd011db47&skt=2026-09-05T05%3A56%3A20Z&ske=2026-09-12T05%3A56%3A20Z&sks=b&skv=2025-07-05&sig=WdST9CuRkicB73vyMfPdlAHnRCWdNO21A6BKRG4KMlM%3D' not recognized as being in a supported file format."
2026-09-05 09:03:32,246 WARNING src.providers.satellite: satellite: сцена LE07_L2SP_174027_20221027_02_T2 пропущена: RasterioIOError: '/vsicurl/https://landsateuwest.blob.core.windows.net/landsat-c2/level-2/standard/etm/2022/174/027/LE07_L2SP_174027_20221027_20221123_02_T2/LE07_L2SP_174027_202
2026-09-05 09:03:32,246 WARNING src.providers.satellite: satellite: сцена LE07_L2SP_174027_20221027_02_T2 пропущена: RasterioIOError: '/vsicurl/https://landsateuwest.blob.core.windows.net/landsat-c2/level-2/standard/etm/2022/174/027/LE07_L2SP_174027_20221027_20221123_02_T2/LE07_L2SP_174027_202
2026-09-05 09:03:32,246 WARNING src.providers.satellite: satellite: сцена LE07_L2SP_174027_20221027_02_T2 пропущена: RasterioIOError: '/vsicurl/https://landsateuwest.blob.core.windows.net/landsat-c2/level-2/standard/etm/2022/174/027/LE07_L2SP_174027_20221027_20221123_02_T2/LE07_L2SP_174027_202
2026-09-05 09:04:39,940 INFO src.providers.siblings: siblings: поправка по 3 полям, 410 дат, std 0.0433
2026-09-05 09:04:40,832 INFO src.providers.satellite: satellite: 231 наблюдений из кэша
2026-09-05 09:04:40,921 INFO src.providers.satellite: satellite: источник Microsoft Planetary Computer (1 из 3)
2026-09-05 09:04:40,921 INFO src.providers.satellite: satellite: источник Microsoft Planetary Computer (1 из 3)
2026-09-05 09:04:40,924 INFO src.providers.satellite: satellite: 479 наблюдений из кэша
2026-09-05 09:04:40,927 INFO src.providers.satellite: satellite: источник Microsoft Planetary Computer (1 из 3)
2026-09-05 09:04:44,676 INFO src.providers.satellite: satellite: pc/sentinel-2-l2a — найдено 521, взято 379
2026-09-05 09:04:44,961 INFO src.providers.satellite: satellite: pc/sentinel-2-l2a — найдено 519, взято 378
2026-09-05 09:04:45,169 INFO src.providers.satellite: satellite: pc/sentinel-2-l2a — найдено 519, взято 378
2026-09-05 09:04:47,231 INFO src.providers.satellite: satellite: pc/landsat-c2-l2 — найдено 256, взято 200
2026-09-05 09:04:47,736 INFO src.providers.satellite: satellite: pc/landsat-c2-l2 — найдено 470, взято 384
2026-09-05 09:04:47,841 INFO src.providers.satellite: satellite: pc/modis-13Q1-061 — найдено 218, взято 218
2026-09-05 09:04:47,845 INFO src.providers.satellite: satellite: к обработке 797 сцен
2026-09-05 09:04:48,833 INFO src.providers.satellite: satellite: pc/modis-13Q1-061 — найдено 218, взято 218
2026-09-05 09:04:48,844 INFO src.providers.satellite: satellite: к обработке 980 сцен
2026-09-05 09:04:49,013 INFO src.providers.satellite: satellite: окно прорежено в 2 раз(а)
2026-09-05 09:04:49,155 INFO src.providers.satellite: satellite: окно прорежено в 2 раз(а)
2026-09-05 09:04:49,567 INFO src.providers.satellite: satellite: pc/landsat-c2-l2 — найдено 482, взято 396
2026-09-05 09:04:49,773 INFO src.providers.satellite: satellite: окно прорежено в 2 раз(а)
2026-09-05 09:04:50,388 INFO src.providers.satellite: satellite: pc/modis-13Q1-061 — найдено 218, взято 218
2026-09-05 09:04:50,395 INFO src.providers.satellite: satellite: к обработке 992 сцен
2026-09-05 09:04:50,639 INFO src.providers.satellite: satellite: окно прорежено в 2 раз(а)
2026-09-05 09:04:51,246 INFO src.providers.satellite: satellite: окно прорежено в 2 раз(а)
2026-09-05 09:04:52,324 INFO src.providers.satellite: satellite: окно прорежено в 2 раз(а)
2026-09-05 09:04:52,799 INFO src.providers.satellite: satellite: окно прорежено в 2 раз(а)
2026-09-05 09:04:53,770 INFO src.providers.satellite: satellite: окно прорежено в 2 раз(а)
2026-09-05 09:04:54,089 INFO src.providers.satellite: satellite: окно прорежено в 2 раз(а)
2026-09-05 09:04:55,876 INFO src.providers.satellite: satellite: окно прорежено в 2 раз(а)
2026-09-05 09:04:55,898 INFO src.providers.satellite: satellite: окно прорежено в 2 раз(а)
2026-09-05 09:04:56,838 INFO src.providers.satellite: satellite: окно прорежено в 2 раз(а)
2026-09-05 09:04:57,071 INFO src.providers.satellite: satellite: окно прорежено в 2 раз(а)
2026-09-05 09:04:58,038 INFO src.providers.satellite: satellite: окно прорежено в 2 раз(а)
2026-09-05 09:04:58,368 INFO src.providers.satellite: satellite: окно прорежено в 2 раз(а)
2026-09-05 09:04:58,880 INFO src.providers.satellite: satellite: окно прорежено в 2 раз(а)
2026-09-05 09:04:59,813 INFO src.providers.satellite: satellite: окно прорежено в 2 раз(а)
2026-09-05 09:05:01,080 INFO src.providers.satellite: satellite: окно прорежено в 2 раз(а)
2026-09-05 09:05:01,422 INFO src.providers.satellite: satellite: окно прорежено в 2 раз(а)
2026-09-05 09:05:02,379 INFO src.providers.satellite: satellite: окно прорежено в 2 раз(а)
2026-09-05 09:05:02,670 INFO src.providers.satellite: satellite: окно прорежено в 2 раз(а)
2026-09-05 09:05:03,248 INFO src.providers.satellite: satellite: окно прорежено в 2 раз(а)
2026-09-05 09:05:03,912 INFO src.providers.satellite: satellite: окно прорежено в 2 раз(а)
2026-09-05 09:05:04,901 INFO src.providers.satellite: satellite: окно прорежено в 2 раз(а)
2026-09-05 09:05:05,011 INFO src.providers.satellite: satellite: окно прорежено в 2 раз(а)
2026-09-05 09:05:05,959 INFO src.providers.satellite: satellite: окно прорежено в 2 раз(а)
2026-09-05 09:05:07,672 INFO src.providers.satellite: satellite: окно прорежено в 2 раз(а)
2026-09-05 09:05:07,800 INFO src.providers.satellite: satellite: окно прорежено в 2 раз(а)
2026-09-05 09:05:08,299 INFO src.providers.satellite: satellite: окно прорежено в 2 раз(а)
2026-09-05 09:05:08,898 INFO src.providers.satellite: satellite: окно прорежено в 2 раз(а)
2026-09-05 09:05:10,042 INFO src.providers.satellite: satellite: окно прорежено в 2 раз(а)
2026-09-05 09:05:13,168 INFO src.providers.satellite: satellite: окно прорежено в 2 раз(а)
2026-09-05 09:05:13,712 INFO src.providers.satellite: satellite: окно прорежено в 2 раз(а)
2026-09-05 09:05:13,816 INFO src.providers.satellite: satellite: окно прорежено в 2 раз(а)
2026-09-05 09:05:14,244 INFO src.providers.satellite: satellite: окно прорежено в 2 раз(а)
2026-09-05 09:05:15,402 INFO src.providers.satellite: satellite: окно прорежено в 2 раз(а)
2026-09-05 09:05:15,565 INFO src.providers.satellite: satellite: окно прорежено в 2 раз(а)
2026-09-05 09:05:17,127 INFO src.providers.satellite: satellite: окно прорежено в 2 раз(а)
2026-09-05 09:05:18,747 INFO src.providers.satellite: satellite: окно прорежено в 2 раз(а)
2026-09-05 09:05:19,155 INFO src.providers.satellite: satellite: окно прорежено в 2 раз(а)
2026-09-05 09:05:19,727 INFO src.providers.satellite: satellite: окно прорежено в 2 раз(а)
2026-09-05 09:05:20,005 INFO src.providers.satellite: satellite: окно прорежено в 2 раз(а)
2026-09-05 09:05:20,442 INFO src.providers.satellite: satellite: окно прорежено в 2 раз(а)
2026-09-05 09:05:20,760 INFO src.providers.satellite: satellite: окно прорежено в 2 раз(а)
2026-09-05 09:05:22,599 INFO src.providers.satellite: satellite: окно прорежено в 2 раз(а)
2026-09-05 09:05:22,753 INFO src.providers.satellite: satellite: окно прорежено в 2 раз(а)
2026-09-05 09:05:23,537 INFO src.providers.satellite: satellite: окно прорежено в 2 раз(а)
2026-09-05 09:05:24,501 INFO src.providers.satellite: satellite: окно прорежено в 2 раз(а)
2026-09-05 09:05:24,909 INFO src.providers.satellite: satellite: окно прорежено в 2 раз(а)
2026-09-05 09:05:25,215 INFO src.providers.satellite: satellite: окно прорежено в 2 раз(а)
2026-09-05 09:05:25,379 INFO src.providers.satellite: satellite: окно прорежено в 2 раз(а)
2026-09-05 09:05:25,560 INFO src.providers.satellite: satellite: окно прорежено в 2 раз(а)
2026-09-05 09:05:26,824 INFO src.providers.satellite: satellite: окно прорежено в 2 раз(а)
2026-09-05 09:05:27,100 INFO src.providers.satellite: satellite: окно прорежено в 2 раз(а)
2026-09-05 09:05:27,255 INFO src.providers.satellite: satellite: окно прорежено в 2 раз(а)
2026-09-05 09:05:28,400 INFO src.providers.satellite: satellite: окно прорежено в 2 раз(а)
2026-09-05 09:05:28,721 INFO src.providers.satellite: satellite: окно прорежено в 2 раз(а)
2026-09-05 09:05:29,139 INFO src.providers.satellite: satellite: окно прорежено в 2 раз(а)
2026-09-05 09:05:29,579 INFO src.providers.satellite: satellite: окно прорежено в 2 раз(а)
2026-09-05 09:05:29,656 INFO src.providers.satellite: satellite: окно прорежено в 2 раз(а)
2026-09-05 09:05:30,813 INFO src.providers.satellite: satellite: окно прорежено в 2 раз(а)
2026-09-05 09:05:30,860 INFO src.providers.satellite: satellite: окно прорежено в 2 раз(а)
2026-09-05 09:05:32,499 INFO src.providers.satellite: satellite: окно прорежено в 2 раз(а)
2026-09-05 09:05:32,976 INFO src.providers.satellite: satellite: окно прорежено в 2 раз(а)
2026-09-05 09:05:33,296 INFO rasterio._env: GDAL signalled an error: err_no=4, msg="`/vsicurl/https://landsateuwest.blob.core.windows.net/landsat-c2/level-2/standard/oli-tirs/2022/175/027/LC09_L2SP_175027_20220509_20220511_02_T1/LC09_L2SP_175027_20220509_20220511_02_T1_SR_B3.TIF?st=2026-09-04T06%3A02%3A19Z&se=2026-09-05T06%3A47%3A19Z&sp=rl&sv=2025-07-05&sr=c&skoid=9c8ff44a-6a2c-4dfb-b298-1c9212f64d9a&sktid=72f988bf-86f1-41af-91ab-2d7cd011db47&skt=2026-09-05T05%3A56%3A20Z&ske=2026-09-12T05%3A56%3A20Z&sks=b&skv=2025-07-05&sig=WdST9CuRkicB73vyMfPdlAHnRCWdNO21A6BKRG4KMlM%3D' not recognized as being in a supported file format."
2026-09-05 09:05:33,296 INFO rasterio._env: GDAL signalled an error: err_no=4, msg="`/vsicurl/https://landsateuwest.blob.core.windows.net/landsat-c2/level-2/standard/oli-tirs/2022/175/027/LC09_L2SP_175027_20220509_20220511_02_T1/LC09_L2SP_175027_20220509_20220511_02_T1_SR_B3.TIF?st=2026-09-04T06%3A02%3A19Z&se=2026-09-05T06%3A47%3A19Z&sp=rl&sv=2025-07-05&sr=c&skoid=9c8ff44a-6a2c-4dfb-b298-1c9212f64d9a&sktid=72f988bf-86f1-41af-91ab-2d7cd011db47&skt=2026-09-05T05%3A56%3A20Z&ske=2026-09-12T05%3A56%3A20Z&sks=b&skv=2025-07-05&sig=WdST9CuRkicB73vyMfPdlAHnRCWdNO21A6BKRG4KMlM%3D' not recognized as being in a supported file format."
2026-09-05 09:05:34,041 INFO src.providers.satellite: satellite: окно прорежено в 2 раз(а)
2026-09-05 09:05:34,044 INFO src.providers.satellite: satellite: окно прорежено в 2 раз(а)
2026-09-05 09:05:34,932 INFO src.providers.satellite: satellite: окно прорежено в 2 раз(а)
2026-09-05 09:05:35,396 INFO src.providers.satellite: satellite: окно прорежено в 2 раз(а)
2026-09-05 09:05:37,097 INFO rasterio._env: GDAL signalled an error: err_no=4, msg="`/vsicurl/https://landsateuwest.blob.core.windows.net/landsat-c2/level-2/standard/etm/2022/173/027/LE07_L2SP_173027_20220527_20220901_02_T1/LE07_L2SP_173027_20220527_20220901_02_T1_SR_B1.TIF?st=2026-09-04T06%3A02%3A19Z&se=2026-09-05T06%3A47%3A19Z&sp=rl&sv=2025-07-05&sr=c&skoid=9c8ff44a-6a2c-4dfb-b298-1c9212f64d9a&sktid=72f988bf-86f1-41af-91ab-2d7cd011db47&skt=2026-09-05T05%3A56%3A20Z&ske=2026-09-12T05%3A56%3A20Z&sks=b&skv=2025-07-05&sig=WdST9CuRkicB73vyMfPdlAHnRCWdNO21A6BKRG4KMlM%3D' not recognized as being in a supported file format."
2026-09-05 09:05:37,098 INFO rasterio._env: GDAL signalled an error: err_no=4, msg="`/vsicurl/https://landsateuwest.blob.core.windows.net/landsat-c2/level-2/standard/etm/2022/173/027/LE07_L2SP_173027_20220527_20220901_02_T1/LE07_L2SP_173027_20220527_20220901_02_T1_SR_B1.TIF?st=2026-09-04T06%3A02%3A19Z&se=2026-09-05T06%3A47%3A19Z&sp=rl&sv=2025-07-05&sr=c&skoid=9c8ff44a-6a2c-4dfb-b298-1c9212f64d9a&sktid=72f988bf-86f1-41af-91ab-2d7cd011db47&skt=2026-09-05T05%3A56%3A20Z&ske=2026-09-12T05%3A56%3A20Z&sks=b&skv=2025-07-05&sig=WdST9CuRkicB73vyMfPdlAHnRCWdNO21A6BKRG4KMlM%3D' not recognized as being in a supported file format."
2026-09-05 09:05:37,098 INFO rasterio._env: GDAL signalled an error: err_no=4, msg="`/vsicurl/https://landsateuwest.blob.core.windows.net/landsat-c2/level-2/standard/etm/2022/173/027/LE07_L2SP_173027_20220527_20220901_02_T1/LE07_L2SP_173027_20220527_20220901_02_T1_SR_B1.TIF?st=2026-09-04T06%3A02%3A19Z&se=2026-09-05T06%3A47%3A19Z&sp=rl&sv=2025-07-05&sr=c&skoid=9c8ff44a-6a2c-4dfb-b298-1c9212f64d9a&sktid=72f988bf-86f1-41af-91ab-2d7cd011db47&skt=2026-09-05T05%3A56%3A20Z&ske=2026-09-12T05%3A56%3A20Z&sks=b&skv=2025-07-05&sig=WdST9CuRkicB73vyMfPdlAHnRCWdNO21A6BKRG4KMlM%3D' not recognized as being in a supported file format."
2026-09-05 09:05:37,650 INFO src.providers.satellite: satellite: окно прорежено в 2 раз(а)
2026-09-05 09:05:38,674 INFO src.providers.satellite: satellite: окно прорежено в 2 раз(а)
2026-09-05 09:05:39,045 INFO src.providers.satellite: satellite: окно прорежено в 2 раз(а)
2026-09-05 09:05:40,661 INFO src.providers.satellite: satellite: окно прорежено в 2 раз(а)
2026-09-05 09:05:40,820 INFO src.providers.satellite: satellite: окно прорежено в 2 раз(а)
2026-09-05 09:05:41,027 INFO src.providers.satellite: satellite: окно прорежено в 2 раз(а)
2026-09-05 09:05:41,600 INFO src.providers.satellite: satellite: окно прорежено в 2 раз(а)
2026-09-05 09:05:41,752 INFO src.providers.satellite: satellite: окно прорежено в 2 раз(а)
2026-09-05 09:05:42,125 INFO src.providers.satellite: satellite: окно прорежено в 2 раз(а)
2026-09-05 09:05:43,003 INFO src.providers.satellite: satellite: окно прорежено в 2 раз(а)
2026-09-05 09:05:43,725 INFO src.providers.satellite: satellite: окно прорежено в 2 раз(а)
2026-09-05 09:05:44,083 INFO src.providers.satellite: satellite: окно прорежено в 2 раз(а)
2026-09-05 09:05:44,376 INFO src.providers.satellite: satellite: окно прорежено в 2 раз(а)
2026-09-05 09:05:47,278 INFO src.providers.satellite: satellite: окно прорежено в 2 раз(а)
2026-09-05 09:05:48,493 INFO src.providers.satellite: satellite: окно прорежено в 2 раз(а)
2026-09-05 09:05:49,101 INFO src.providers.satellite: satellite: окно прорежено в 2 раз(а)
2026-09-05 09:05:50,152 INFO src.providers.satellite: satellite: окно прорежено в 2 раз(а)
2026-09-05 09:05:51,953 INFO src.providers.satellite: satellite: окно прорежено в 2 раз(а)
2026-09-05 09:05:51,966 INFO src.providers.satellite: satellite: окно прорежено в 2 раз(а)
2026-09-05 09:05:52,523 INFO src.providers.satellite: satellite: окно прорежено в 2 раз(а)
2026-09-05 09:05:52,939 INFO src.providers.satellite: satellite: окно прорежено в 2 раз(а)
2026-09-05 09:05:53,619 INFO src.providers.satellite: satellite: окно прорежено в 2 раз(а)
2026-09-05 09:05:55,322 INFO src.providers.satellite: satellite: окно прорежено в 2 раз(а)
2026-09-05 09:05:56,559 INFO src.providers.satellite: satellite: окно прорежено в 2 раз(а)
2026-09-05 09:05:56,765 INFO src.providers.satellite: satellite: окно прорежено в 2 раз(а)
2026-09-05 09:05:57,896 INFO src.providers.satellite: satellite: окно прорежено в 2 раз(а)
2026-09-05 09:05:57,909 INFO src.providers.satellite: satellite: окно прорежено в 2 раз(а)
2026-09-05 09:05:58,368 INFO src.providers.satellite: satellite: окно прорежено в 2 раз(а)
2026-09-05 09:05:58,672 INFO src.providers.satellite: satellite: окно прорежено в 2 раз(а)
2026-09-05 09:05:59,431 INFO src.providers.satellite: satellite: окно прорежено в 2 раз(а)
2026-09-05 09:05:59,690 INFO src.providers.satellite: satellite: окно прорежено в 2 раз(а)
2026-09-05 09:05:59,690 INFO src.providers.satellite: satellite: окно прорежено в 2 раз(а)
2026-09-05 09:06:00,233 INFO src.providers.satellite: satellite: окно прорежено в 2 раз(а)
2026-09-05 09:06:01,465 INFO src.providers.satellite: satellite: окно прорежено в 2 раз(а)
2026-09-05 09:06:04,181 INFO src.providers.satellite: satellite: окно прорежено в 2 раз(а)
2026-09-05 09:06:04,800 INFO src.providers.satellite: satellite: окно прорежено в 2 раз(а)
2026-09-05 09:06:05,294 INFO src.providers.satellite: satellite: окно прорежено в 2 раз(а)
2026-09-05 09:06:05,784 INFO src.providers.satellite: satellite: окно прорежено в 2 раз(а)
2026-09-05 09:06:06,202 INFO src.providers.satellite: satellite: окно прорежено в 2 раз(а)
2026-09-05 09:06:06,422 INFO src.providers.satellite: satellite: окно прорежено в 2 раз(а)
2026-09-05 09:06:06,423 INFO src.providers.satellite: satellite: окно прорежено в 2 раз(а)
2026-09-05 09:06:07,753 INFO src.providers.satellite: satellite: окно прорежено в 2 раз(а)
2026-09-05 09:06:08,086 INFO src.providers.satellite: satellite: окно прорежено в 2 раз(а)
2026-09-05 09:06:08,334 INFO src.providers.satellite: satellite: окно прорежено в 2 раз(а)
2026-09-05 09:06:09,033 INFO src.providers.satellite: satellite: окно прорежено в 2 раз(а)
2026-09-05 09:06:09,839 INFO src.providers.satellite: satellite: окно прорежено в 2 раз(а)
2026-09-05 09:06:10,305 INFO src.providers.satellite: satellite: окно прорежено в 2 раз(а)
2026-09-05 09:06:12,076 INFO src.providers.satellite: satellite: окно прорежено в 2 раз(а)
2026-09-05 09:06:12,526 INFO rasterio._env: GDAL signalled an error: err_no=4, msg="`/vsicurl/https://landsateuwest.blob.core.windows.net/landsat-c2/level-2/standard/etm/2022/174/027/LE07_L2SP_174027_20221027_20221123_02_T2/LE07_L2SP_174027_20221027_20221123_02_T2_QA_PIXEL.TIF?st=2026-09-04T06%3A02%3A19Z&se=2026-09-05T06%3A47%3A19Z&sp=rl&sv=2025-07-05&sr=c&skoid=9c8ff44a-6a2c-4dfb-b298-1c9212f64d9a&sktid=72f988bf-86f1-41af-91ab-2d7cd011db47&skt=2026-09-05T05%3A56%3A20Z&ske=2026-09-12T05%3A56%3A20Z&sks=b&skv=2025-07-05&sig=WdST9CuRkicB73vyMfPdlAHnRCWdNO21A6BKRG4KMlM%3D' not recognized as being in a supported file format."
2026-09-05 09:06:12,526 INFO rasterio._env: GDAL signalled an error: err_no=4, msg="`/vsicurl/https://landsateuwest.blob.core.windows.net/landsat-c2/level-2/standard/etm/2022/174/027/LE07_L2SP_174027_20221027_20221123_02_T2/LE07_L2SP_174027_20221027_20221123_02_T2_QA_PIXEL.TIF?st=2026-09-04T06%3A02%3A19Z&se=2026-09-05T06%3A47%3A19Z&sp=rl&sv=2025-07-05&sr=c&skoid=9c8ff44a-6a2c-4dfb-b298-1c9212f64d9a&sktid=72f988bf-86f1-41af-91ab-2d7cd011db47&skt=2026-09-05T05%3A56%3A20Z&ske=2026-09-12T05%3A56%3A20Z&sks=b&skv=2025-07-05&sig=WdST9CuRkicB73vyMfPdlAHnRCWdNO21A6BKRG4KMlM%3D' not recognized as being in a supported file format."
2026-09-05 09:06:12,533 INFO rasterio._env: GDAL signalled an error: err_no=4, msg="`/vsicurl/https://landsateuwest.blob.core.windows.net/landsat-c2/level-2/standard/etm/2022/174/027/LE07_L2SP_174027_20221027_20221123_02_T2/LE07_L2SP_174027_20221027_20221123_02_T2_QA_PIXEL.TIF?st=2026-09-04T06%3A02%3A19Z&se=2026-09-05T06%3A47%3A19Z&sp=rl&sv=2025-07-05&sr=c&skoid=9c8ff44a-6a2c-4dfb-b298-1c9212f64d9a&sktid=72f988bf-86f1-41af-91ab-2d7cd011db47&skt=2026-09-05T05%3A56%3A20Z&ske=2026-09-12T05%3A56%3A20Z&sks=b&skv=2025-07-05&sig=WdST9CuRkicB73vyMfPdlAHnRCWdNO21A6BKRG4KMlM%3D' not recognized as being in a supported file format."
2026-09-05 09:06:12,575 WARNING src.providers.satellite: satellite: сцена LE07_L2SP_174027_20221027_02_T2 пропущена: RasterioIOError: '/vsicurl/https://landsateuwest.blob.core.windows.net/landsat-c2/level-2/standard/etm/2022/174/027/LE07_L2SP_174027_20221027_20221123_02_T2/LE07_L2SP_174027_202
2026-09-05 09:06:12,583 WARNING src.providers.satellite: satellite: сцена LE07_L2SP_174027_20221027_02_T2 пропущена: RasterioIOError: '/vsicurl/https://landsateuwest.blob.core.windows.net/landsat-c2/level-2/standard/etm/2022/174/027/LE07_L2SP_174027_20221027_20221123_02_T2/LE07_L2SP_174027_202
2026-09-05 09:06:12,587 INFO src.providers.satellite: satellite: окно прорежено в 2 раз(а)
2026-09-05 09:06:12,589 INFO src.providers.satellite: satellite: окно прорежено в 2 раз(а)
2026-09-05 09:06:12,605 WARNING src.providers.satellite: satellite: сцена LE07_L2SP_174027_20221027_02_T2 пропущена: RasterioIOError: '/vsicurl/https://landsateuwest.blob.core.windows.net/landsat-c2/level-2/standard/etm/2022/174/027/LE07_L2SP_174027_20221027_20221123_02_T2/LE07_L2SP_174027_202
2026-09-05 09:06:13,608 INFO src.providers.satellite: satellite: окно прорежено в 2 раз(а)
2026-09-05 09:06:13,854 INFO src.providers.satellite: satellite: окно прорежено в 2 раз(а)
2026-09-05 09:06:15,232 INFO src.providers.satellite: satellite: окно прорежено в 2 раз(а)
2026-09-05 09:06:15,309 INFO src.providers.satellite: satellite: окно прорежено в 2 раз(а)
2026-09-05 09:06:17,265 INFO src.providers.satellite: satellite: окно прорежено в 2 раз(а)
2026-09-05 09:06:17,693 INFO src.providers.satellite: satellite: окно прорежено в 2 раз(а)
2026-09-05 09:06:19,566 INFO src.providers.satellite: satellite: окно прорежено в 2 раз(а)
2026-09-05 09:06:19,888 INFO src.providers.satellite: satellite: окно прорежено в 2 раз(а)
2026-09-05 09:06:19,913 INFO src.providers.satellite: satellite: окно прорежено в 2 раз(а)
2026-09-05 09:06:20,312 INFO src.providers.satellite: satellite: окно прорежено в 2 раз(а)
2026-09-05 09:06:20,339 INFO src.providers.satellite: satellite: окно прорежено в 2 раз(а)
2026-09-05 09:06:20,740 INFO src.providers.satellite: satellite: окно прорежено в 2 раз(а)
2026-09-05 09:06:20,844 INFO src.providers.satellite: satellite: окно прорежено в 2 раз(а)
2026-09-05 09:06:21,147 INFO src.providers.satellite: satellite: окно прорежено в 2 раз(а)
2026-09-05 09:06:21,208 INFO src.providers.satellite: satellite: окно прорежено в 2 раз(а)
2026-09-05 09:06:21,409 INFO src.providers.satellite: satellite: окно прорежено в 2 раз(а)
2026-09-05 09:06:21,940 INFO src.providers.satellite: satellite: окно прорежено в 2 раз(а)
2026-09-05 09:06:22,240 INFO src.providers.satellite: satellite: окно прорежено в 2 раз(а)
2026-09-05 09:06:22,994 INFO src.providers.satellite: satellite: окно прорежено в 2 раз(а)
2026-09-05 09:06:23,501 INFO src.providers.satellite: satellite: окно прорежено в 2 раз(а)
2026-09-05 09:06:23,635 INFO src.providers.satellite: satellite: окно прорежено в 2 раз(а)
2026-09-05 09:06:25,495 INFO src.providers.satellite: satellite: окно прорежено в 2 раз(а)
2026-09-05 09:06:26,704 INFO src.providers.satellite: satellite: окно прорежено в 2 раз(а)
2026-09-05 09:06:28,093 INFO src.providers.satellite: satellite: окно прорежено в 2 раз(а)
2026-09-05 09:06:28,125 INFO src.providers.satellite: satellite: окно прорежено в 2 раз(а)
2026-09-05 09:06:29,610 INFO src.providers.satellite: satellite: окно прорежено в 2 раз(а)
2026-09-05 09:06:30,080 INFO src.providers.satellite: satellite: окно прорежено в 2 раз(а)
2026-09-05 09:06:32,709 INFO src.providers.satellite: satellite: окно прорежено в 2 раз(а)
2026-09-05 09:06:34,864 INFO src.providers.satellite: satellite: окно прорежено в 2 раз(а)
2026-09-05 09:06:35,036 INFO src.providers.satellite: satellite: окно прорежено в 2 раз(а)
2026-09-05 09:06:35,491 INFO src.providers.satellite: satellite: окно прорежено в 2 раз(а)
2026-09-05 09:06:35,496 INFO src.providers.satellite: satellite: окно прорежено в 2 раз(а)
2026-09-05 09:06:36,582 INFO src.providers.satellite: satellite: окно прорежено в 2 раз(а)
2026-09-05 09:06:36,838 INFO src.providers.satellite: satellite: окно прорежено в 2 раз(а)
2026-09-05 09:06:36,981 INFO src.providers.satellite: satellite: окно прорежено в 2 раз(а)
2026-09-05 09:06:37,090 INFO src.providers.satellite: satellite: окно прорежено в 2 раз(а)
2026-09-05 09:06:37,620 INFO src.providers.satellite: satellite: окно прорежено в 2 раз(а)
2026-09-05 09:06:37,975 INFO src.providers.satellite: satellite: окно прорежено в 2 раз(а)
2026-09-05 09:06:38,631 INFO src.providers.satellite: satellite: окно прорежено в 2 раз(а)
2026-09-05 09:06:38,838 INFO src.providers.satellite: satellite: окно прорежено в 2 раз(а)
2026-09-05 09:06:39,325 INFO src.providers.satellite: satellite: окно прорежено в 2 раз(а)
2026-09-05 09:06:39,424 INFO src.providers.satellite: satellite: окно прорежено в 2 раз(а)
2026-09-05 09:06:40,652 INFO src.providers.satellite: satellite: окно прорежено в 2 раз(а)
2026-09-05 09:06:40,887 INFO src.providers.satellite: satellite: окно прорежено в 2 раз(а)
2026-09-05 09:06:41,103 INFO src.providers.satellite: satellite: окно прорежено в 2 раз(а)
2026-09-05 09:06:41,332 INFO src.providers.satellite: satellite: окно прорежено в 2 раз(а)
2026-09-05 09:06:41,803 INFO src.providers.satellite: satellite: 465 наблюдений из Microsoft Planetary Computer за 271.9 с
2026-09-05 09:06:41,861 INFO src.providers.satellite: satellite: окно прорежено в 2 раз(а)
2026-09-05 09:06:41,903 INFO src.providers.satellite: satellite: 458 наблюдений из Microsoft Planetary Computer за 272.0 с
2026-09-05 09:06:41,937 INFO src.providers.satellite: satellite: окно прорежено в 2 раз(а)
2026-09-05 09:06:42,176 INFO src.providers.satellite: satellite: окно прорежено в 2 раз(а)
2026-09-05 09:06:42,425 INFO src.providers.satellite: satellite: 525 наблюдений из Microsoft Planetary Computer за 272.5 с
2026-09-05 09:06:43,109 INFO src.providers.satellite: satellite: окно прорежено в 2 раз(а)
2026-09-05 09:06:43,951 INFO src.providers.satellite: satellite: окно прорежено в 2 раз(а)
2026-09-05 09:06:43,970 INFO src.providers.satellite: satellite: окно прорежено в 2 раз(а)
2026-09-05 09:06:44,114 INFO src.providers.satellite: satellite: окно прорежено в 2 раз(а)
2026-09-05 09:06:44,149 INFO src.providers.satellite: satellite: окно прорежено в 2 раз(а)
2026-09-05 09:06:44,633 INFO src.providers.satellite: satellite: окно прорежено в 2 раз(а)
2026-09-05 09:06:44,784 INFO src.providers.satellite: satellite: окно прорежено в 2 раз(а)
2026-09-05 09:06:45,376 INFO src.providers.satellite: satellite: окно прорежено в 2 раз(а)
2026-09-05 09:06:45,399 INFO src.providers.satellite: satellite: окно прорежено в 2 раз(а)
2026-09-05 09:06:46,243 INFO src.providers.satellite: satellite: окно прорежено в 2 раз(а)
2026-09-05 09:06:46,283 INFO src.providers.satellite: satellite: окно прорежено в 2 раз(а)
2026-09-05 09:06:46,996 INFO src.providers.satellite: satellite: окно прорежено в 2 раз(а)
2026-09-05 09:06:47,779 INFO src.providers.satellite: satellite: окно прорежено в 2 раз(а)
2026-09-05 09:06:47,791 INFO src.providers.satellite: satellite: окно прорежено в 2 раз(а)
2026-09-05 09:06:48,736 INFO src.providers.satellite: satellite: окно прорежено в 2 раз(а)
2026-09-05 09:06:48,901 INFO src.providers.satellite: satellite: окно прорежено в 2 раз(а)
2026-09-05 09:06:49,710 INFO src.providers.satellite: satellite: окно прорежено в 2 раз(а)
2026-09-05 09:06:49,835 INFO src.providers.satellite: satellite: окно прорежено в 2 раз(а)
2026-09-05 09:06:50,447 INFO src.providers.satellite: satellite: окно прорежено в 2 раз(а)
2026-09-05 09:06:50,469 INFO src.providers.satellite: satellite: окно прорежено в 2 раз(а)
2026-09-05 09:06:51,673 INFO src.providers.satellite: satellite: окно прорежено в 2 раз(а)
2026-09-05 09:06:51,912 INFO src.providers.satellite: satellite: окно прорежено в 2 раз(а)
2026-09-05 09:06:52,162 INFO src.providers.satellite: satellite: окно прорежено в 2 раз(а)
2026-09-05 09:06:52,294 INFO src.providers.satellite: satellite: окно прорежено в 2 раз(а)
2026-09-05 09:06:52,517 INFO src.providers.satellite: satellite: окно прорежено в 2 раз(а)
2026-09-05 09:06:52,748 INFO src.providers.satellite: satellite: окно прорежено в 2 раз(а)
2026-09-05 09:06:54,069 INFO src.providers.satellite: satellite: окно прорежено в 2 раз(а)
2026-09-05 09:06:54,732 INFO src.providers.satellite: satellite: окно прорежено в 2 раз(а)
2026-09-05 09:06:54,751 INFO src.providers.satellite: satellite: окно прорежено в 2 раз(а)
2026-09-05 09:06:56,003 INFO src.providers.satellite: satellite: окно прорежено в 2 раз(а)
2026-09-05 09:06:56,345 INFO src.providers.satellite: satellite: окно прорежено в 2 раз(а)
2026-09-05 09:06:56,390 INFO src.providers.satellite: satellite: окно прорежено в 2 раз(а)
2026-09-05 09:06:57,355 INFO src.providers.satellite: satellite: окно прорежено в 2 раз(а)
2026-09-05 09:06:58,053 INFO src.providers.satellite: satellite: окно прорежено в 2 раз(а)
2026-09-05 09:06:58,217 INFO src.providers.satellite: satellite: окно прорежено в 2 раз(а)
2026-09-05 09:06:59,326 INFO src.providers.satellite: satellite: окно прорежено в 2 раз(а)
2026-09-05 09:06:59,491 INFO src.providers.satellite: satellite: окно прорежено в 2 раз(а)
2026-09-05 09:07:00,341 INFO src.providers.satellite: satellite: окно прорежено в 2 раз(а)
2026-09-05 09:07:00,559 INFO src.providers.satellite: satellite: окно прорежено в 2 раз(а)
2026-09-05 09:07:01,227 INFO src.providers.satellite: satellite: окно прорежено в 2 раз(а)
2026-09-05 09:07:02,339 INFO src.providers.satellite: satellite: окно прорежено в 2 раз(а)
2026-09-05 09:07:02,595 INFO src.providers.satellite: satellite: окно прорежено в 2 раз(а)
2026-09-05 09:07:02,871 INFO src.providers.satellite: satellite: окно прорежено в 2 раз(а)
2026-09-05 09:07:04,433 INFO src.providers.satellite: satellite: окно прорежено в 2 раз(а)
2026-09-05 09:07:04,669 INFO src.providers.satellite: satellite: окно прорежено в 2 раз(а)
2026-09-05 09:07:04,991 INFO src.providers.satellite: satellite: окно прорежено в 2 раз(а)
2026-09-05 09:07:05,081 INFO src.providers.satellite: satellite: окно прорежено в 2 раз(а)
2026-09-05 09:07:06,175 INFO src.providers.satellite: satellite: окно прорежено в 2 раз(а)
2026-09-05 09:07:06,520 INFO src.providers.satellite: satellite: окно прорежено в 2 раз(а)
2026-09-05 09:07:06,698 INFO src.providers.satellite: satellite: окно прорежено в 2 раз(а)
2026-09-05 09:07:07,116 INFO src.providers.satellite: satellite: окно прорежено в 2 раз(а)
2026-09-05 09:07:07,446 INFO src.providers.satellite: satellite: окно прорежено в 2 раз(а)
2026-09-05 09:07:07,921 INFO src.providers.satellite: satellite: окно прорежено в 2 раз(а)
2026-09-05 09:07:07,927 INFO src.providers.satellite: satellite: окно прорежено в 2 раз(а)
2026-09-05 09:07:08,130 INFO src.providers.satellite: satellite: окно прорежено в 2 раз(а)
2026-09-05 09:07:08,595 INFO src.providers.satellite: satellite: окно прорежено в 2 раз(а)
2026-09-05 09:07:09,100 INFO src.providers.satellite: satellite: окно прорежено в 2 раз(а)
2026-09-05 09:07:09,460 INFO src.providers.satellite: satellite: окно прорежено в 2 раз(а)
2026-09-05 09:07:09,547 INFO src.providers.satellite: satellite: окно прорежено в 2 раз(а)
2026-09-05 09:07:09,840 INFO src.providers.satellite: satellite: окно прорежено в 2 раз(а)
2026-09-05 09:07:10,467 INFO src.providers.satellite: satellite: окно прорежено в 2 раз(а)
2026-09-05 09:07:10,528 INFO src.providers.satellite: satellite: окно прорежено в 2 раз(а)
2026-09-05 09:07:10,983 INFO src.providers.satellite: satellite: окно прорежено в 2 раз(а)
2026-09-05 09:07:11,462 INFO src.providers.satellite: satellite: окно прорежено в 2 раз(а)
2026-09-05 09:07:12,226 INFO src.providers.satellite: satellite: окно прорежено в 2 раз(а)
2026-09-05 09:07:12,509 INFO src.providers.satellite: satellite: окно прорежено в 2 раз(а)
2026-09-05 09:07:12,856 INFO src.providers.satellite: satellite: источник Microsoft Planetary Computer (1 из 3)
2026-09-05 09:07:12,869 INFO src.providers.satellite: satellite: окно прорежено в 2 раз(а)
2026-09-05 09:07:14,205 INFO src.providers.satellite: satellite: окно прорежено в 2 раз(а)
2026-09-05 09:07:14,292 INFO src.providers.satellite: satellite: окно прорежено в 2 раз(а)
2026-09-05 09:07:15,824 INFO src.providers.satellite: satellite: окно прорежено в 2 раз(а)
2026-09-05 09:07:16,262 INFO src.providers.satellite: satellite: окно прорежено в 2 раз(а)
2026-09-05 09:07:16,536 INFO src.providers.satellite: satellite: pc/sentinel-2-l2a — найдено 521, взято 380
2026-09-05 09:07:17,041 INFO src.providers.satellite: satellite: окно прорежено в 2 раз(а)
2026-09-05 09:07:17,766 INFO src.providers.satellite: satellite: окно прорежено в 2 раз(а)
2026-09-05 09:07:18,274 INFO src.providers.satellite: satellite: окно прорежено в 2 раз(а)
2026-09-05 09:07:18,582 INFO src.providers.satellite: satellite: окно прорежено в 2 раз(а)
2026-09-05 09:07:18,740 INFO src.providers.satellite: satellite: окно прорежено в 2 раз(а)
2026-09-05 09:07:20,548 INFO src.providers.satellite: satellite: pc/landsat-c2-l2 — найдено 472, взято 385
2026-09-05 09:07:20,623 INFO src.providers.satellite: satellite: окно прорежено в 2 раз(а)
2026-09-05 09:07:20,777 INFO src.providers.satellite: satellite: окно прорежено в 2 раз(а)
2026-09-05 09:07:21,198 INFO src.providers.satellite: satellite: pc/modis-13Q1-061 — найдено 218, взято 218
2026-09-05 09:07:21,214 INFO src.providers.satellite: satellite: к обработке 378 сцен
2026-09-05 09:07:21,320 INFO src.providers.satellite: satellite: окно прорежено в 2 раз(а)
2026-09-05 09:07:21,901 INFO src.providers.satellite: satellite: окно прорежено в 2 раз(а)
2026-09-05 09:07:22,622 INFO src.providers.satellite: satellite: окно прорежено в 2 раз(а)
2026-09-05 09:07:23,429 INFO src.providers.satellite: satellite: окно прорежено в 2 раз(а)
2026-09-05 09:07:23,753 INFO src.providers.satellite: satellite: окно прорежено в 2 раз(а)
2026-09-05 09:07:24,157 INFO src.providers.satellite: satellite: окно прорежено в 2 раз(а)
2026-09-05 09:07:24,896 INFO src.providers.satellite: satellite: окно прорежено в 2 раз(а)
2026-09-05 09:07:26,717 INFO src.providers.satellite: satellite: окно прорежено в 2 раз(а)
2026-09-05 09:07:27,527 INFO src.providers.satellite: satellite: окно прорежено в 2 раз(а)
2026-09-05 09:07:28,170 INFO src.providers.satellite: satellite: окно прорежено в 2 раз(а)
2026-09-05 09:07:29,223 INFO src.providers.satellite: satellite: окно прорежено в 2 раз(а)
2026-09-05 09:07:29,241 INFO src.providers.satellite: satellite: окно прорежено в 2 раз(а)
2026-09-05 09:07:29,634 INFO src.providers.satellite: satellite: окно прорежено в 2 раз(а)
2026-09-05 09:07:29,653 INFO src.providers.satellite: satellite: окно прорежено в 2 раз(а)
2026-09-05 09:07:29,880 INFO src.providers.satellite: satellite: окно прорежено в 2 раз(а)
2026-09-05 09:07:30,228 INFO src.providers.satellite: satellite: окно прорежено в 2 раз(а)
2026-09-05 09:07:30,721 INFO src.providers.satellite: satellite: окно прорежено в 2 раз(а)
2026-09-05 09:07:31,097 INFO src.providers.satellite: satellite: окно прорежено в 2 раз(а)
2026-09-05 09:07:31,232 INFO src.providers.satellite: satellite: окно прорежено в 2 раз(а)
2026-09-05 09:07:31,879 INFO src.providers.satellite: satellite: окно прорежено в 2 раз(а)
2026-09-05 09:07:32,810 INFO src.providers.satellite: satellite: окно прорежено в 2 раз(а)
2026-09-05 09:07:33,276 INFO src.providers.satellite: satellite: окно прорежено в 2 раз(а)
2026-09-05 09:07:33,464 INFO src.providers.satellite: satellite: окно прорежено в 2 раз(а)
2026-09-05 09:07:34,048 INFO src.providers.satellite: satellite: окно прорежено в 2 раз(а)
2026-09-05 09:07:34,181 INFO src.providers.satellite: satellite: окно прорежено в 2 раз(а)
2026-09-05 09:07:34,187 INFO src.providers.satellite: satellite: окно прорежено в 2 раз(а)
2026-09-05 09:07:34,742 INFO src.providers.satellite: satellite: окно прорежено в 2 раз(а)
2026-09-05 09:07:34,806 INFO src.providers.satellite: satellite: окно прорежено в 2 раз(а)
2026-09-05 09:07:36,576 INFO src.providers.satellite: satellite: окно прорежено в 2 раз(а)
2026-09-05 09:07:36,678 INFO src.providers.satellite: satellite: окно прорежено в 2 раз(а)
2026-09-05 09:07:36,901 INFO src.providers.satellite: satellite: окно прорежено в 2 раз(а)
2026-09-05 09:07:38,208 INFO src.providers.satellite: satellite: окно прорежено в 2 раз(а)
2026-09-05 09:07:38,529 INFO src.providers.satellite: satellite: окно прорежено в 2 раз(а)
2026-09-05 09:07:38,721 INFO src.providers.satellite: satellite: окно прорежено в 2 раз(а)
2026-09-05 09:07:38,762 INFO src.providers.satellite: satellite: окно прорежено в 2 раз(а)
2026-09-05 09:07:39,149 INFO src.providers.satellite: satellite: окно прорежено в 2 раз(а)
2026-09-05 09:07:39,808 INFO src.providers.satellite: satellite: окно прорежено в 2 раз(а)
2026-09-05 09:07:39,813 INFO src.providers.satellite: satellite: окно прорежено в 2 раз(а)
2026-09-05 09:07:40,219 INFO src.providers.satellite: satellite: окно прорежено в 2 раз(а)
2026-09-05 09:07:42,069 INFO src.providers.satellite: satellite: окно прорежено в 2 раз(а)
2026-09-05 09:07:43,100 INFO src.providers.satellite: satellite: окно прорежено в 2 раз(а)
2026-09-05 09:07:43,125 INFO src.providers.satellite: satellite: окно прорежено в 2 раз(а)
2026-09-05 09:07:44,042 INFO src.providers.satellite: satellite: окно прорежено в 2 раз(а)
2026-09-05 09:07:44,080 INFO src.providers.satellite: satellite: окно прорежено в 2 раз(а)
2026-09-05 09:07:44,196 INFO rasterio._env: GDAL signalled an error: err_no=4, msg="`/vsicurl/https://landsateuwest.blob.core.windows.net/landsat-c2/level-2/standard/oli-tirs/2022/175/027/LC09_L2SP_175027_20220509_20220511_02_T1/LC09_L2SP_175027_20220509_20220511_02_T1_SR_B3.TIF?st=2026-09-04T06%3A02%3A19Z&se=2026-09-05T06%3A47%3A19Z&sp=rl&sv=2025-07-05&sr=c&skoid=9c8ff44a-6a2c-4dfb-b298-1c9212f64d9a&sktid=72f988bf-86f1-41af-91ab-2d7cd011db47&skt=2026-09-05T05%3A56%3A20Z&ske=2026-09-12T05%3A56%3A20Z&sks=b&skv=2025-07-05&sig=WdST9CuRkicB73vyMfPdlAHnRCWdNO21A6BKRG4KMlM%3D' not recognized as being in a supported file format."
2026-09-05 09:07:44,717 INFO src.providers.satellite: satellite: окно прорежено в 2 раз(а)
2026-09-05 09:07:44,874 INFO src.providers.satellite: satellite: окно прорежено в 2 раз(а)
2026-09-05 09:07:45,117 INFO src.providers.satellite: satellite: окно прорежено в 2 раз(а)
2026-09-05 09:07:45,515 INFO src.providers.satellite: satellite: окно прорежено в 2 раз(а)
2026-09-05 09:07:45,536 INFO src.providers.satellite: satellite: окно прорежено в 2 раз(а)
2026-09-05 09:07:46,748 INFO src.providers.satellite: satellite: окно прорежено в 2 раз(а)
2026-09-05 09:07:47,569 INFO src.providers.satellite: satellite: окно прорежено в 2 раз(а)
2026-09-05 09:07:47,622 INFO src.providers.satellite: satellite: окно прорежено в 2 раз(а)
2026-09-05 09:07:48,634 INFO src.providers.satellite: satellite: окно прорежено в 2 раз(а)
2026-09-05 09:07:49,466 INFO src.providers.satellite: satellite: окно прорежено в 2 раз(а)
2026-09-05 09:07:49,562 INFO src.providers.satellite: satellite: окно прорежено в 2 раз(а)
2026-09-05 09:07:51,308 INFO src.providers.satellite: satellite: окно прорежено в 2 раз(а)
2026-09-05 09:07:51,552 INFO src.providers.satellite: satellite: окно прорежено в 2 раз(а)
2026-09-05 09:07:51,729 INFO src.providers.satellite: satellite: окно прорежено в 2 раз(а)
2026-09-05 09:07:52,445 INFO src.providers.satellite: satellite: окно прорежено в 2 раз(а)
2026-09-05 09:07:52,789 INFO src.providers.satellite: satellite: окно прорежено в 2 раз(а)
2026-09-05 09:07:53,151 INFO src.providers.satellite: satellite: окно прорежено в 2 раз(а)
2026-09-05 09:07:54,083 INFO src.providers.satellite: satellite: окно прорежено в 2 раз(а)
2026-09-05 09:07:55,595 INFO src.providers.satellite: satellite: окно прорежено в 2 раз(а)
2026-09-05 09:07:55,880 INFO src.providers.satellite: satellite: окно прорежено в 2 раз(а)
2026-09-05 09:07:56,358 INFO src.providers.satellite: satellite: окно прорежено в 2 раз(а)
2026-09-05 09:07:56,805 INFO src.providers.satellite: satellite: окно прорежено в 2 раз(а)
2026-09-05 09:07:57,300 INFO src.providers.satellite: satellite: окно прорежено в 2 раз(а)
2026-09-05 09:07:58,307 INFO src.providers.satellite: satellite: окно прорежено в 2 раз(а)
2026-09-05 09:07:58,565 INFO src.providers.satellite: satellite: окно прорежено в 2 раз(а)
2026-09-05 09:07:58,626 INFO src.providers.satellite: satellite: окно прорежено в 2 раз(а)
2026-09-05 09:07:59,306 INFO src.providers.satellite: satellite: окно прорежено в 2 раз(а)
2026-09-05 09:08:00,761 INFO src.providers.satellite: satellite: окно прорежено в 2 раз(а)
2026-09-05 09:08:00,789 INFO src.providers.satellite: satellite: окно прорежено в 2 раз(а)
2026-09-05 09:08:00,873 INFO src.providers.satellite: satellite: окно прорежено в 2 раз(а)
2026-09-05 09:08:01,070 INFO src.providers.satellite: satellite: окно прорежено в 2 раз(а)
2026-09-05 09:08:01,126 INFO src.providers.satellite: satellite: окно прорежено в 2 раз(а)
2026-09-05 09:08:01,322 INFO src.providers.satellite: satellite: окно прорежено в 2 раз(а)
2026-09-05 09:08:01,510 INFO src.providers.satellite: satellite: окно прорежено в 2 раз(а)
2026-09-05 09:08:01,894 INFO src.providers.satellite: satellite: окно прорежено в 2 раз(а)
2026-09-05 09:08:02,347 INFO src.providers.satellite: satellite: окно прорежено в 2 раз(а)
2026-09-05 09:08:03,427 INFO src.providers.satellite: satellite: окно прорежено в 2 раз(а)
2026-09-05 09:08:03,555 INFO src.providers.satellite: satellite: окно прорежено в 2 раз(а)
2026-09-05 09:08:03,828 INFO src.providers.satellite: satellite: окно прорежено в 2 раз(а)
2026-09-05 09:08:03,978 INFO src.providers.satellite: satellite: окно прорежено в 2 раз(а)
2026-09-05 09:08:03,999 INFO src.providers.satellite: satellite: окно прорежено в 2 раз(а)
2026-09-05 09:08:04,316 INFO src.providers.satellite: satellite: окно прорежено в 2 раз(а)
2026-09-05 09:08:04,954 INFO src.providers.satellite: satellite: окно прорежено в 2 раз(а)
2026-09-05 09:08:05,016 INFO src.providers.satellite: satellite: окно прорежено в 2 раз(а)
2026-09-05 09:08:05,237 INFO src.providers.satellite: satellite: окно прорежено в 2 раз(а)
2026-09-05 09:08:05,412 INFO src.providers.satellite: satellite: окно прорежено в 2 раз(а)
2026-09-05 09:08:05,710 INFO src.providers.satellite: satellite: окно прорежено в 2 раз(а)
2026-09-05 09:08:06,037 INFO src.providers.satellite: satellite: окно прорежено в 2 раз(а)
2026-09-05 09:08:06,245 INFO src.providers.satellite: satellite: окно прорежено в 2 раз(а)
2026-09-05 09:08:06,261 INFO src.providers.satellite: satellite: окно прорежено в 2 раз(а)
2026-09-05 09:08:06,571 INFO src.providers.satellite: satellite: окно прорежено в 2 раз(а)
2026-09-05 09:08:07,752 INFO src.providers.satellite: satellite: окно прорежено в 2 раз(а)
2026-09-05 09:08:08,476 INFO src.providers.satellite: satellite: окно прорежено в 2 раз(а)
2026-09-05 09:08:08,657 INFO src.providers.satellite: satellite: окно прорежено в 2 раз(а)
2026-09-05 09:08:09,521 INFO src.providers.satellite: satellite: окно прорежено в 2 раз(а)
2026-09-05 09:08:10,086 INFO src.providers.satellite: satellite: окно прорежено в 2 раз(а)
2026-09-05 09:08:10,099 INFO src.providers.satellite: satellite: окно прорежено в 2 раз(а)
2026-09-05 09:08:10,151 INFO src.providers.satellite: satellite: окно прорежено в 2 раз(а)
2026-09-05 09:08:10,591 INFO src.providers.satellite: satellite: окно прорежено в 2 раз(а)
2026-09-05 09:08:10,736 INFO src.providers.satellite: satellite: окно прорежено в 2 раз(а)
2026-09-05 09:08:11,025 INFO src.providers.satellite: satellite: окно прорежено в 2 раз(а)
2026-09-05 09:08:11,228 INFO src.providers.satellite: satellite: окно прорежено в 2 раз(а)
2026-09-05 09:08:12,543 INFO src.providers.satellite: satellite: окно прорежено в 2 раз(а)
2026-09-05 09:08:13,442 INFO src.providers.satellite: satellite: окно прорежено в 2 раз(а)
2026-09-05 09:08:13,895 INFO src.providers.satellite: satellite: окно прорежено в 2 раз(а)
2026-09-05 09:08:14,288 INFO src.providers.satellite: satellite: окно прорежено в 2 раз(а)
2026-09-05 09:08:15,592 INFO src.providers.satellite: satellite: окно прорежено в 2 раз(а)
2026-09-05 09:08:16,141 INFO src.providers.satellite: satellite: окно прорежено в 2 раз(а)
2026-09-05 09:08:16,998 INFO src.providers.satellite: satellite: окно прорежено в 2 раз(а)
2026-09-05 09:08:17,004 INFO src.providers.satellite: satellite: окно прорежено в 2 раз(а)
2026-09-05 09:08:17,350 INFO src.providers.satellite: satellite: окно прорежено в 2 раз(а)
2026-09-05 09:08:17,400 INFO src.providers.satellite: satellite: окно прорежено в 2 раз(а)
2026-09-05 09:08:17,839 INFO src.providers.satellite: satellite: окно прорежено в 2 раз(а)
2026-09-05 09:08:18,550 INFO src.providers.satellite: satellite: окно прорежено в 2 раз(а)
2026-09-05 09:08:19,203 INFO src.providers.satellite: satellite: окно прорежено в 2 раз(а)
2026-09-05 09:08:19,755 INFO src.providers.satellite: satellite: окно прорежено в 2 раз(а)
2026-09-05 09:08:20,397 INFO src.providers.satellite: satellite: окно прорежено в 2 раз(а)
2026-09-05 09:08:20,712 INFO src.providers.satellite: satellite: окно прорежено в 2 раз(а)
2026-09-05 09:08:21,204 INFO src.providers.satellite: satellite: окно прорежено в 2 раз(а)
2026-09-05 09:08:22,375 INFO src.providers.satellite: satellite: окно прорежено в 2 раз(а)
2026-09-05 09:08:22,832 INFO src.providers.satellite: satellite: окно прорежено в 2 раз(а)
2026-09-05 09:08:22,994 INFO src.providers.satellite: satellite: окно прорежено в 2 раз(а)
2026-09-05 09:08:24,075 INFO src.providers.satellite: satellite: окно прорежено в 2 раз(а)
2026-09-05 09:08:24,286 INFO src.providers.satellite: satellite: окно прорежено в 2 раз(а)
2026-09-05 09:08:24,892 INFO src.providers.satellite: satellite: окно прорежено в 2 раз(а)
2026-09-05 09:08:25,176 INFO src.providers.satellite: satellite: окно прорежено в 2 раз(а)
2026-09-05 09:08:25,843 INFO src.providers.satellite: satellite: окно прорежено в 2 раз(а)
2026-09-05 09:08:26,419 INFO src.providers.satellite: satellite: окно прорежено в 2 раз(а)
2026-09-05 09:08:26,800 INFO src.providers.satellite: satellite: окно прорежено в 2 раз(а)
2026-09-05 09:08:27,726 INFO src.providers.satellite: satellite: 465 наблюдений из Microsoft Planetary Computer за 226.8 с
2026-09-05 09:08:28,922 INFO src.providers.satellite: satellite: 525 наблюдений из Microsoft Planetary Computer за 228.0 с
2026-09-05 09:08:28,933 INFO src.providers.satellite: satellite: 536 наблюдений из Microsoft Planetary Computer за 228.0 с
2026-09-05 09:08:59,732 INFO src.providers.satellite: satellite: 233 наблюдений из Microsoft Planetary Computer за 106.9 с
2026-09-05 09:09:01,414 INFO src.providers.satellite: satellite: источник Microsoft Planetary Computer (1 из 3)
2026-09-05 09:09:01,415 INFO src.providers.satellite: satellite: 515 наблюдений из кэша
2026-09-05 09:09:01,416 INFO src.providers.satellite: satellite: 521 наблюдений из кэша
2026-09-05 09:09:01,416 INFO src.providers.satellite: satellite: источник Microsoft Planetary Computer (1 из 3)
2026-09-05 09:09:01,417 INFO src.providers.satellite: satellite: источник Microsoft Planetary Computer (1 из 3)
2026-09-05 09:09:04,493 INFO src.providers.satellite: satellite: pc/sentinel-2-l2a — найдено 520, взято 380
2026-09-05 09:09:05,035 INFO src.providers.satellite: satellite: pc/sentinel-2-l2a — найдено 521, взято 380
2026-09-05 09:09:05,279 INFO src.providers.satellite: satellite: pc/sentinel-2-l2a — найдено 521, взято 380
2026-09-05 09:09:07,268 INFO src.providers.satellite: satellite: pc/landsat-c2-l2 — найдено 489, взято 402
2026-09-05 09:09:07,748 INFO src.providers.satellite: satellite: pc/landsat-c2-l2 — найдено 486, взято 399
2026-09-05 09:09:07,820 INFO src.providers.satellite: satellite: pc/modis-13Q1-061 — найдено 218, взято 218
2026-09-05 09:09:07,822 INFO src.providers.satellite: satellite: к обработке 1000 сцен
2026-09-05 09:09:08,490 INFO src.providers.satellite: satellite: pc/landsat-c2-l2 — найдено 484, взято 397
2026-09-05 09:09:08,592 INFO src.providers.satellite: satellite: pc/modis-13Q1-061 — найдено 218, взято 218
2026-09-05 09:09:08,594 INFO src.providers.satellite: satellite: к обработке 997 сцен
2026-09-05 09:09:09,244 INFO src.providers.satellite: satellite: pc/modis-13Q1-061 — найдено 218, взято 218
2026-09-05 09:09:09,246 INFO src.providers.satellite: satellite: к обработке 995 сцен
2026-09-05 09:09:42,280 INFO rasterio._env: GDAL signalled an error: err_no=4, msg="`/vsicurl/https://landsateuwest.blob.core.windows.net/landsat-c2/level-2/standard/oli-tirs/2022/175/027/LC09_L2SP_175027_20220509_20220511_02_T1/LC09_L2SP_175027_20220509_20220511_02_T1_SR_B3.TIF?st=2026-09-04T06%3A02%3A19Z&se=2026-09-05T06%3A47%3A19Z&sp=rl&sv=2025-07-05&sr=c&skoid=9c8ff44a-6a2c-4dfb-b298-1c9212f64d9a&sktid=72f988bf-86f1-41af-91ab-2d7cd011db47&skt=2026-09-05T05%3A56%3A20Z&ske=2026-09-12T05%3A56%3A20Z&sks=b&skv=2025-07-05&sig=WdST9CuRkicB73vyMfPdlAHnRCWdNO21A6BKRG4KMlM%3D' not recognized as being in a supported file format."
2026-09-05 09:09:42,280 INFO rasterio._env: GDAL signalled an error: err_no=4, msg="`/vsicurl/https://landsateuwest.blob.core.windows.net/landsat-c2/level-2/standard/oli-tirs/2022/175/027/LC09_L2SP_175027_20220509_20220511_02_T1/LC09_L2SP_175027_20220509_20220511_02_T1_SR_B3.TIF?st=2026-09-04T06%3A02%3A19Z&se=2026-09-05T06%3A47%3A19Z&sp=rl&sv=2025-07-05&sr=c&skoid=9c8ff44a-6a2c-4dfb-b298-1c9212f64d9a&sktid=72f988bf-86f1-41af-91ab-2d7cd011db47&skt=2026-09-05T05%3A56%3A20Z&ske=2026-09-12T05%3A56%3A20Z&sks=b&skv=2025-07-05&sig=WdST9CuRkicB73vyMfPdlAHnRCWdNO21A6BKRG4KMlM%3D' not recognized as being in a supported file format."
2026-09-05 09:09:42,281 INFO rasterio._env: GDAL signalled an error: err_no=4, msg="`/vsicurl/https://landsateuwest.blob.core.windows.net/landsat-c2/level-2/standard/oli-tirs/2022/175/027/LC09_L2SP_175027_20220509_20220511_02_T1/LC09_L2SP_175027_20220509_20220511_02_T1_SR_B3.TIF?st=2026-09-04T06%3A02%3A19Z&se=2026-09-05T06%3A47%3A19Z&sp=rl&sv=2025-07-05&sr=c&skoid=9c8ff44a-6a2c-4dfb-b298-1c9212f64d9a&sktid=72f988bf-86f1-41af-91ab-2d7cd011db47&skt=2026-09-05T05%3A56%3A20Z&ske=2026-09-12T05%3A56%3A20Z&sks=b&skv=2025-07-05&sig=WdST9CuRkicB73vyMfPdlAHnRCWdNO21A6BKRG4KMlM%3D' not recognized as being in a supported file format."
2026-09-05 09:09:44,998 INFO rasterio._env: GDAL signalled an error: err_no=4, msg="`/vsicurl/https://landsateuwest.blob.core.windows.net/landsat-c2/level-2/standard/etm/2022/173/027/LE07_L2SP_173027_20220527_20220901_02_T1/LE07_L2SP_173027_20220527_20220901_02_T1_SR_B1.TIF?st=2026-09-04T06%3A02%3A19Z&se=2026-09-05T06%3A47%3A19Z&sp=rl&sv=2025-07-05&sr=c&skoid=9c8ff44a-6a2c-4dfb-b298-1c9212f64d9a&sktid=72f988bf-86f1-41af-91ab-2d7cd011db47&skt=2026-09-05T05%3A56%3A20Z&ske=2026-09-12T05%3A56%3A20Z&sks=b&skv=2025-07-05&sig=WdST9CuRkicB73vyMfPdlAHnRCWdNO21A6BKRG4KMlM%3D' not recognized as being in a supported file format."
2026-09-05 09:09:44,998 INFO rasterio._env: GDAL signalled an error: err_no=4, msg="`/vsicurl/https://landsateuwest.blob.core.windows.net/landsat-c2/level-2/standard/etm/2022/173/027/LE07_L2SP_173027_20220527_20220901_02_T1/LE07_L2SP_173027_20220527_20220901_02_T1_SR_B1.TIF?st=2026-09-04T06%3A02%3A19Z&se=2026-09-05T06%3A47%3A19Z&sp=rl&sv=2025-07-05&sr=c&skoid=9c8ff44a-6a2c-4dfb-b298-1c9212f64d9a&sktid=72f988bf-86f1-41af-91ab-2d7cd011db47&skt=2026-09-05T05%3A56%3A20Z&ske=2026-09-12T05%3A56%3A20Z&sks=b&skv=2025-07-05&sig=WdST9CuRkicB73vyMfPdlAHnRCWdNO21A6BKRG4KMlM%3D' not recognized as being in a supported file format."
2026-09-05 09:09:44,998 INFO rasterio._env: GDAL signalled an error: err_no=4, msg="`/vsicurl/https://landsateuwest.blob.core.windows.net/landsat-c2/level-2/standard/etm/2022/173/027/LE07_L2SP_173027_20220527_20220901_02_T1/LE07_L2SP_173027_20220527_20220901_02_T1_SR_B1.TIF?st=2026-09-04T06%3A02%3A19Z&se=2026-09-05T06%3A47%3A19Z&sp=rl&sv=2025-07-05&sr=c&skoid=9c8ff44a-6a2c-4dfb-b298-1c9212f64d9a&sktid=72f988bf-86f1-41af-91ab-2d7cd011db47&skt=2026-09-05T05%3A56%3A20Z&ske=2026-09-12T05%3A56%3A20Z&sks=b&skv=2025-07-05&sig=WdST9CuRkicB73vyMfPdlAHnRCWdNO21A6BKRG4KMlM%3D' not recognized as being in a supported file format."
2026-09-05 09:10:06,996 INFO rasterio._env: GDAL signalled an error: err_no=4, msg="`/vsicurl/https://landsateuwest.blob.core.windows.net/landsat-c2/level-2/standard/etm/2022/174/027/LE07_L2SP_174027_20221027_20221123_02_T2/LE07_L2SP_174027_20221027_20221123_02_T2_QA_PIXEL.TIF?st=2026-09-04T06%3A02%3A19Z&se=2026-09-05T06%3A47%3A19Z&sp=rl&sv=2025-07-05&sr=c&skoid=9c8ff44a-6a2c-4dfb-b298-1c9212f64d9a&sktid=72f988bf-86f1-41af-91ab-2d7cd011db47&skt=2026-09-05T05%3A56%3A20Z&ske=2026-09-12T05%3A56%3A20Z&sks=b&skv=2025-07-05&sig=WdST9CuRkicB73vyMfPdlAHnRCWdNO21A6BKRG4KMlM%3D' not recognized as being in a supported file format."
2026-09-05 09:10:06,996 WARNING src.providers.satellite: satellite: сцена LE07_L2SP_174027_20221027_02_T2 пропущена: RasterioIOError: '/vsicurl/https://landsateuwest.blob.core.windows.net/landsat-c2/level-2/standard/etm/2022/174/027/LE07_L2SP_174027_20221027_20221123_02_T2/LE07_L2SP_174027_202
2026-09-05 09:10:07,124 INFO rasterio._env: GDAL signalled an error: err_no=4, msg="`/vsicurl/https://landsateuwest.blob.core.windows.net/landsat-c2/level-2/standard/etm/2022/174/027/LE07_L2SP_174027_20221027_20221123_02_T2/LE07_L2SP_174027_20221027_20221123_02_T2_QA_PIXEL.TIF?st=2026-09-04T06%3A02%3A19Z&se=2026-09-05T06%3A47%3A19Z&sp=rl&sv=2025-07-05&sr=c&skoid=9c8ff44a-6a2c-4dfb-b298-1c9212f64d9a&sktid=72f988bf-86f1-41af-91ab-2d7cd011db47&skt=2026-09-05T05%3A56%3A20Z&ske=2026-09-12T05%3A56%3A20Z&sks=b&skv=2025-07-05&sig=WdST9CuRkicB73vyMfPdlAHnRCWdNO21A6BKRG4KMlM%3D' not recognized as being in a supported file format."
2026-09-05 09:10:07,126 WARNING src.providers.satellite: satellite: сцена LE07_L2SP_174027_20221027_02_T2 пропущена: RasterioIOError: '/vsicurl/https://landsateuwest.blob.core.windows.net/landsat-c2/level-2/standard/etm/2022/174/027/LE07_L2SP_174027_20221027_20221123_02_T2/LE07_L2SP_174027_202
2026-09-05 09:10:07,199 INFO rasterio._env: GDAL signalled an error: err_no=4, msg="`/vsicurl/https://landsateuwest.blob.core.windows.net/landsat-c2/level-2/standard/etm/2022/174/027/LE07_L2SP_174027_20221027_20221123_02_T2/LE07_L2SP_174027_20221027_20221123_02_T2_QA_PIXEL.TIF?st=2026-09-04T06%3A02%3A19Z&se=2026-09-05T06%3A47%3A19Z&sp=rl&sv=2025-07-05&sr=c&skoid=9c8ff44a-6a2c-4dfb-b298-1c9212f64d9a&sktid=72f988bf-86f1-41af-91ab-2d7cd011db47&skt=2026-09-05T05%3A56%3A20Z&ske=2026-09-12T05%3A56%3A20Z&sks=b&skv=2025-07-05&sig=WdST9CuRkicB73vyMfPdlAHnRCWdNO21A6BKRG4KMlM%3D' not recognized as being in a supported file format."
2026-09-05 09:10:07,206 WARNING src.providers.satellite: satellite: сцена LE07_L2SP_174027_20221027_02_T2 пропущена: RasterioIOError: '/vsicurl/https://landsateuwest.blob.core.windows.net/landsat-c2/level-2/standard/etm/2022/174/027/LE07_L2SP_174027_20221027_20221123_02_T2/LE07_L2SP_174027_202
2026-09-05 09:11:33,095 INFO src.providers.satellite: satellite: источник Microsoft Planetary Computer (1 из 3)
2026-09-05 09:11:37,017 INFO src.providers.satellite: satellite: pc/sentinel-2-l2a — найдено 521, взято 379
2026-09-05 09:11:40,268 INFO src.providers.satellite: satellite: pc/landsat-c2-l2 — найдено 273, взято 216
2026-09-05 09:11:41,434 INFO src.providers.satellite: satellite: pc/modis-13Q1-061 — найдено 218, взято 218
2026-09-05 09:11:41,441 INFO src.providers.satellite: satellite: к обработке 364 сцен
2026-09-05 09:12:36,029 INFO src.providers.satellite: satellite: 518 наблюдений из Microsoft Planetary Computer за 214.6 с
2026-09-05 09:12:36,037 INFO src.providers.satellite: satellite: 529 наблюдений из Microsoft Planetary Computer за 214.6 с
2026-09-05 09:12:36,084 INFO src.providers.satellite: satellite: 534 наблюдений из Microsoft Planetary Computer за 214.7 с
2026-09-05 09:13:02,407 INFO src.providers.satellite: satellite: 229 наблюдений из Microsoft Planetary Computer за 89.3 с
2026-09-05 09:13:04,831 INFO src.providers.satellite: satellite: 458 наблюдений из кэша
2026-09-05 09:13:04,832 INFO src.providers.satellite: satellite: источник Microsoft Planetary Computer (1 из 3)
2026-09-05 09:13:04,832 INFO src.providers.satellite: satellite: 465 наблюдений из кэша
2026-09-05 09:13:04,832 INFO src.providers.satellite: satellite: источник Microsoft Planetary Computer (1 из 3)
2026-09-05 09:13:04,833 INFO src.providers.satellite: satellite: источник Microsoft Planetary Computer (1 из 3)
2026-09-05 09:13:08,518 INFO src.providers.satellite: satellite: pc/sentinel-2-l2a — найдено 520, взято 379
2026-09-05 09:13:08,842 INFO src.providers.satellite: satellite: pc/sentinel-2-l2a — найдено 520, взято 379
2026-09-05 09:13:10,149 INFO src.providers.satellite: satellite: pc/landsat-c2-l2 — найдено 256, взято 200
2026-09-05 09:13:10,430 INFO src.providers.satellite: satellite: pc/sentinel-2-l2a — найдено 1047, взято 759
2026-09-05 09:13:10,517 INFO src.providers.satellite: satellite: pc/landsat-c2-l2 — найдено 257, взято 201
2026-09-05 09:13:10,909 INFO src.providers.satellite: satellite: pc/modis-13Q1-061 — найдено 218, взято 218
2026-09-05 09:13:10,910 INFO src.providers.satellite: satellite: к обработке 797 сцен
2026-09-05 09:13:11,086 INFO src.providers.satellite: satellite: pc/modis-13Q1-061 — найдено 218, взято 218
2026-09-05 09:13:11,088 INFO src.providers.satellite: satellite: к обработке 798 сцен
2026-09-05 09:13:12,257 INFO src.providers.satellite: satellite: pc/landsat-c2-l2 — найдено 272, взято 215
2026-09-05 09:13:12,793 INFO src.providers.satellite: satellite: pc/modis-13Q1-061 — найдено 218, взято 218
2026-09-05 09:13:12,803 INFO src.providers.satellite: satellite: к обработке 1192 сцен
2026-09-05 09:13:42,504 INFO rasterio._env: GDAL signalled an error: err_no=4, msg="`/vsicurl/https://landsateuwest.blob.core.windows.net/landsat-c2/level-2/standard/etm/2022/173/027/LE07_L2SP_173027_20220527_20220901_02_T1/LE07_L2SP_173027_20220527_20220901_02_T1_SR_B1.TIF?st=2026-09-04T06%3A02%3A19Z&se=2026-09-05T06%3A47%3A19Z&sp=rl&sv=2025-07-05&sr=c&skoid=9c8ff44a-6a2c-4dfb-b298-1c9212f64d9a&sktid=72f988bf-86f1-41af-91ab-2d7cd011db47&skt=2026-09-05T05%3A56%3A20Z&ske=2026-09-12T05%3A56%3A20Z&sks=b&skv=2025-07-05&sig=WdST9CuRkicB73vyMfPdlAHnRCWdNO21A6BKRG4KMlM%3D' not recognized as being in a supported file format."
2026-09-05 09:13:42,507 INFO rasterio._env: GDAL signalled an error: err_no=4, msg="`/vsicurl/https://landsateuwest.blob.core.windows.net/landsat-c2/level-2/standard/etm/2022/173/027/LE07_L2SP_173027_20220527_20220901_02_T1/LE07_L2SP_173027_20220527_20220901_02_T1_SR_B1.TIF?st=2026-09-04T06%3A02%3A19Z&se=2026-09-05T06%3A47%3A19Z&sp=rl&sv=2025-07-05&sr=c&skoid=9c8ff44a-6a2c-4dfb-b298-1c9212f64d9a&sktid=72f988bf-86f1-41af-91ab-2d7cd011db47&skt=2026-09-05T05%3A56%3A20Z&ske=2026-09-12T05%3A56%3A20Z&sks=b&skv=2025-07-05&sig=WdST9CuRkicB73vyMfPdlAHnRCWdNO21A6BKRG4KMlM%3D' not recognized as being in a supported file format."
2026-09-05 09:13:59,224 INFO rasterio._env: GDAL signalled an error: err_no=4, msg="`/vsicurl/https://landsateuwest.blob.core.windows.net/landsat-c2/level-2/standard/etm/2022/174/027/LE07_L2SP_174027_20221027_20221123_02_T2/LE07_L2SP_174027_20221027_20221123_02_T2_QA_PIXEL.TIF?st=2026-09-04T06%3A02%3A19Z&se=2026-09-05T06%3A47%3A19Z&sp=rl&sv=2025-07-05&sr=c&skoid=9c8ff44a-6a2c-4dfb-b298-1c9212f64d9a&sktid=72f988bf-86f1-41af-91ab-2d7cd011db47&skt=2026-09-05T05%3A56%3A20Z&ske=2026-09-12T05%3A56%3A20Z&sks=b&skv=2025-07-05&sig=WdST9CuRkicB73vyMfPdlAHnRCWdNO21A6BKRG4KMlM%3D' not recognized as being in a supported file format."
2026-09-05 09:13:59,225 INFO rasterio._env: GDAL signalled an error: err_no=4, msg="`/vsicurl/https://landsateuwest.blob.core.windows.net/landsat-c2/level-2/standard/etm/2022/174/027/LE07_L2SP_174027_20221027_20221123_02_T2/LE07_L2SP_174027_20221027_20221123_02_T2_QA_PIXEL.TIF?st=2026-09-04T06%3A02%3A19Z&se=2026-09-05T06%3A47%3A19Z&sp=rl&sv=2025-07-05&sr=c&skoid=9c8ff44a-6a2c-4dfb-b298-1c9212f64d9a&sktid=72f988bf-86f1-41af-91ab-2d7cd011db47&skt=2026-09-05T05%3A56%3A20Z&ske=2026-09-12T05%3A56%3A20Z&sks=b&skv=2025-07-05&sig=WdST9CuRkicB73vyMfPdlAHnRCWdNO21A6BKRG4KMlM%3D' not recognized as being in a supported file format."
2026-09-05 09:13:59,226 WARNING src.providers.satellite: satellite: сцена LE07_L2SP_174027_20221027_02_T2 пропущена: RasterioIOError: '/vsicurl/https://landsateuwest.blob.core.windows.net/landsat-c2/level-2/standard/etm/2022/174/027/LE07_L2SP_174027_20221027_20221123_02_T2/LE07_L2SP_174027_202
2026-09-05 09:13:59,226 WARNING src.providers.satellite: satellite: сцена LE07_L2SP_174027_20221027_02_T2 пропущена: RasterioIOError: '/vsicurl/https://landsateuwest.blob.core.windows.net/landsat-c2/level-2/standard/etm/2022/174/027/LE07_L2SP_174027_20221027_20221123_02_T2/LE07_L2SP_174027_202
2026-09-05 09:14:03,160 INFO rasterio._env: GDAL signalled an error: err_no=4, msg="`/vsicurl/https://landsateuwest.blob.core.windows.net/landsat-c2/level-2/standard/etm/2022/173/027/LE07_L2SP_173027_20220527_20220901_02_T1/LE07_L2SP_173027_20220527_20220901_02_T1_SR_B1.TIF?st=2026-09-04T06%3A02%3A19Z&se=2026-09-05T06%3A47%3A19Z&sp=rl&sv=2025-07-05&sr=c&skoid=9c8ff44a-6a2c-4dfb-b298-1c9212f64d9a&sktid=72f988bf-86f1-41af-91ab-2d7cd011db47&skt=2026-09-05T05%3A56%3A20Z&ske=2026-09-12T05%3A56%3A20Z&sks=b&skv=2025-07-05&sig=WdST9CuRkicB73vyMfPdlAHnRCWdNO21A6BKRG4KMlM%3D' not recognized as being in a supported file format."
2026-09-05 09:14:34,612 INFO rasterio._env: GDAL signalled an error: err_no=4, msg="`/vsicurl/https://landsateuwest.blob.core.windows.net/landsat-c2/level-2/standard/etm/2022/174/027/LE07_L2SP_174027_20221027_20221123_02_T2/LE07_L2SP_174027_20221027_20221123_02_T2_QA_PIXEL.TIF?st=2026-09-04T06%3A02%3A19Z&se=2026-09-05T06%3A47%3A19Z&sp=rl&sv=2025-07-05&sr=c&skoid=9c8ff44a-6a2c-4dfb-b298-1c9212f64d9a&sktid=72f988bf-86f1-41af-91ab-2d7cd011db47&skt=2026-09-05T05%3A56%3A20Z&ske=2026-09-12T05%3A56%3A20Z&sks=b&skv=2025-07-05&sig=WdST9CuRkicB73vyMfPdlAHnRCWdNO21A6BKRG4KMlM%3D' not recognized as being in a supported file format."
2026-09-05 09:14:34,619 WARNING src.providers.satellite: satellite: сцена LE07_L2SP_174027_20221027_02_T2 пропущена: RasterioIOError: '/vsicurl/https://landsateuwest.blob.core.windows.net/landsat-c2/level-2/standard/etm/2022/174/027/LE07_L2SP_174027_20221027_20221123_02_T2/LE07_L2SP_174027_202
2026-09-05 09:15:35,860 INFO src.providers.satellite: satellite: источник Microsoft Planetary Computer (1 из 3)
2026-09-05 09:15:40,450 INFO src.providers.satellite: satellite: pc/sentinel-2-l2a — найдено 520, взято 379
2026-09-05 09:15:42,304 INFO src.providers.satellite: satellite: pc/landsat-c2-l2 — найдено 259, взято 203
2026-09-05 09:15:42,944 INFO src.providers.satellite: satellite: pc/modis-13Q1-061 — найдено 218, взято 218
2026-09-05 09:15:42,956 INFO src.providers.satellite: satellite: к обработке 364 сцен
2026-09-05 09:15:56,943 INFO src.providers.satellite: satellite: 462 наблюдений из Microsoft Planetary Computer за 172.1 с
2026-09-05 09:15:56,977 INFO src.providers.satellite: satellite: 467 наблюдений из Microsoft Planetary Computer за 172.1 с
2026-09-05 09:17:05,175 INFO src.providers.satellite: satellite: 233 наблюдений из Microsoft Planetary Computer за 89.3 с
2026-09-05 09:17:08,866 INFO src.providers.satellite: satellite: 536 наблюдений из кэша
2026-09-05 09:17:08,868 INFO src.providers.satellite: satellite: 465 наблюдений из кэша
2026-09-05 09:17:08,869 INFO src.providers.satellite: satellite: 467 наблюдений из кэша
2026-09-05 09:17:08,870 INFO src.providers.satellite: satellite: источник Microsoft Planetary Computer (1 из 3)
2026-09-05 09:17:08,873 INFO src.providers.satellite: satellite: источник Microsoft Planetary Computer (1 из 3)
2026-09-05 09:17:08,877 INFO src.providers.satellite: satellite: 462 наблюдений из кэша
2026-09-05 09:17:12,451 INFO src.providers.satellite: satellite: pc/sentinel-2-l2a — найдено 521, взято 379
2026-09-05 09:17:14,103 INFO src.providers.satellite: satellite: pc/landsat-c2-l2 — найдено 273, взято 216
2026-09-05 09:17:14,747 INFO src.providers.satellite: satellite: pc/modis-13Q1-061 — найдено 218, взято 218
2026-09-05 09:17:14,755 INFO src.providers.satellite: satellite: к обработке 813 сцен
2026-09-05 09:17:14,826 INFO src.providers.satellite: satellite: pc/sentinel-2-l2a — найдено 1047, взято 759
2026-09-05 09:17:16,788 INFO src.providers.satellite: satellite: pc/landsat-c2-l2 — найдено 272, взято 215
2026-09-05 09:17:17,426 INFO src.providers.satellite: satellite: pc/modis-13Q1-061 — найдено 218, взято 218
2026-09-05 09:17:17,430 INFO src.providers.satellite: satellite: к обработке 1192 сцен
2026-09-05 09:17:43,285 INFO src.providers.satellite: satellite: 479 наблюдений из Microsoft Planetary Computer за 278.5 с
2026-09-05 09:17:45,315 INFO rasterio._env: GDAL signalled an error: err_no=4, msg="`/vsicurl/https://landsateuwest.blob.core.windows.net/landsat-c2/level-2/standard/etm/2022/173/027/LE07_L2SP_173027_20220527_20220901_02_T1/LE07_L2SP_173027_20220527_20220901_02_T1_SR_B1.TIF?st=2026-09-04T06%3A02%3A19Z&se=2026-09-05T06%3A47%3A19Z&sp=rl&sv=2025-07-05&sr=c&skoid=9c8ff44a-6a2c-4dfb-b298-1c9212f64d9a&sktid=72f988bf-86f1-41af-91ab-2d7cd011db47&skt=2026-09-05T05%3A56%3A20Z&ske=2026-09-12T05%3A56%3A20Z&sks=b&skv=2025-07-05&sig=WdST9CuRkicB73vyMfPdlAHnRCWdNO21A6BKRG4KMlM%3D' not recognized as being in a supported file format."
2026-09-05 09:18:01,480 INFO rasterio._env: GDAL signalled an error: err_no=4, msg="`/vsicurl/https://landsateuwest.blob.core.windows.net/landsat-c2/level-2/standard/etm/2022/173/027/LE07_L2SP_173027_20220527_20220901_02_T1/LE07_L2SP_173027_20220527_20220901_02_T1_SR_B1.TIF?st=2026-09-04T06%3A02%3A19Z&se=2026-09-05T06%3A47%3A19Z&sp=rl&sv=2025-07-05&sr=c&skoid=9c8ff44a-6a2c-4dfb-b298-1c9212f64d9a&sktid=72f988bf-86f1-41af-91ab-2d7cd011db47&skt=2026-09-05T05%3A56%3A20Z&ske=2026-09-12T05%3A56%3A20Z&sks=b&skv=2025-07-05&sig=WdST9CuRkicB73vyMfPdlAHnRCWdNO21A6BKRG4KMlM%3D' not recognized as being in a supported file format."
2026-09-05 09:18:01,622 INFO rasterio._env: GDAL signalled an error: err_no=4, msg="`/vsicurl/https://landsateuwest.blob.core.windows.net/landsat-c2/level-2/standard/etm/2022/174/027/LE07_L2SP_174027_20221027_20221123_02_T2/LE07_L2SP_174027_20221027_20221123_02_T2_QA_PIXEL.TIF?st=2026-09-04T06%3A02%3A19Z&se=2026-09-05T06%3A47%3A19Z&sp=rl&sv=2025-07-05&sr=c&skoid=9c8ff44a-6a2c-4dfb-b298-1c9212f64d9a&sktid=72f988bf-86f1-41af-91ab-2d7cd011db47&skt=2026-09-05T05%3A56%3A20Z&ske=2026-09-12T05%3A56%3A20Z&sks=b&skv=2025-07-05&sig=WdST9CuRkicB73vyMfPdlAHnRCWdNO21A6BKRG4KMlM%3D' not recognized as being in a supported file format."
2026-09-05 09:18:01,622 WARNING src.providers.satellite: satellite: сцена LE07_L2SP_174027_20221027_02_T2 пропущена: RasterioIOError: '/vsicurl/https://landsateuwest.blob.core.windows.net/landsat-c2/level-2/standard/etm/2022/174/027/LE07_L2SP_174027_20221027_20221123_02_T2/LE07_L2SP_174027_202
2026-09-05 09:18:24,158 INFO rasterio._env: GDAL signalled an error: err_no=4, msg="`/vsicurl/https://landsateuwest.blob.core.windows.net/landsat-c2/level-2/standard/etm/2022/174/027/LE07_L2SP_174027_20221027_20221123_02_T2/LE07_L2SP_174027_20221027_20221123_02_T2_QA_PIXEL.TIF?st=2026-09-04T06%3A02%3A19Z&se=2026-09-05T06%3A47%3A19Z&sp=rl&sv=2025-07-05&sr=c&skoid=9c8ff44a-6a2c-4dfb-b298-1c9212f64d9a&sktid=72f988bf-86f1-41af-91ab-2d7cd011db47&skt=2026-09-05T05%3A56%3A20Z&ske=2026-09-12T05%3A56%3A20Z&sks=b&skv=2025-07-05&sig=WdST9CuRkicB73vyMfPdlAHnRCWdNO21A6BKRG4KMlM%3D' not recognized as being in a supported file format."
2026-09-05 09:18:24,165 WARNING src.providers.satellite: satellite: сцена LE07_L2SP_174027_20221027_02_T2 пропущена: RasterioIOError: '/vsicurl/https://landsateuwest.blob.core.windows.net/landsat-c2/level-2/standard/etm/2022/174/027/LE07_L2SP_174027_20221027_20221123_02_T2/LE07_L2SP_174027_202
2026-09-05 09:19:32,134 INFO src.providers.satellite: satellite: 457 наблюдений из Microsoft Planetary Computer за 143.3 с
2026-09-05 09:19:35,959 INFO src.providers.siblings: siblings: поправка по 5 полям, 467 дат, std 0.0455
2026-09-05 09:19:37,797 INFO src.providers.satellite: satellite: источник Microsoft Planetary Computer (1 из 3)
2026-09-05 09:19:41,301 INFO src.providers.satellite: satellite: pc/sentinel-2-l2a — найдено 521, взято 379
2026-09-05 09:19:42,979 INFO src.providers.satellite: satellite: pc/landsat-c2-l2 — найдено 256, взято 200
2026-09-05 09:19:43,800 INFO src.providers.satellite: satellite: pc/modis-13Q1-061 — найдено 218, взято 218
2026-09-05 09:19:43,808 INFO src.providers.satellite: satellite: к обработке 364 сцен
2026-09-05 09:20:39,648 INFO src.providers.satellite: satellite: 479 наблюдений из Microsoft Planetary Computer за 210.8 с
2026-09-05 09:20:42,174 INFO src.providers.satellite: satellite: 240 наблюдений из Microsoft Planetary Computer за 64.4 с
